\BOOKMARK [0][-]{chapter*.2}{\376\377\000I\000n\000t\000r\000o\000d\000u\000c\000t\000i\000o\000n\000\040\000a\000n\000d\000\040\000O\000b\000j\000e\000c\000t\000i\000v\000e\000s}{}% 1
\BOOKMARK [0][-]{chapter.1}{\376\377\000H\000a\000r\000d\000w\000a\000r\000e\000\040\000a\000n\000d\000\040\000P\000l\000a\000t\000f\000o\000r\000m\000\040\000O\000v\000e\000r\000v\000i\000e\000w}{}% 2
\BOOKMARK [1][-]{section.1.1}{\376\377\000I\000n\000t\000r\000o\000d\000u\000c\000t\000i\000o\000n\000\040\000t\000o\000\040\000Y\000o\000l\000o\000\040\000U\000n\000o}{chapter.1}% 3
\BOOKMARK [1][-]{section.1.2}{\376\377\000C\000o\000r\000e\000\040\000I\000O\000T\000\040\000P\000l\000a\000t\000f\000o\000r\000m\000\040\000S\000e\000t\000u\000p}{chapter.1}% 4
\BOOKMARK [2][-]{subsection.1.2.1}{\376\377\000R\000e\000g\000i\000s\000t\000r\000a\000t\000i\000o\000n\000\040\000P\000r\000o\000c\000e\000s\000s}{section.1.2}% 5
\BOOKMARK [2][-]{subsection.1.2.2}{\376\377\000D\000e\000v\000i\000c\000e\000\040\000P\000r\000o\000v\000i\000s\000i\000o\000n\000i\000n\000g}{section.1.2}% 6
\BOOKMARK [1][-]{section.1.3}{\376\377\000T\000e\000l\000e\000m\000e\000t\000r\000y\000\040\000D\000a\000t\000a\000\040\000T\000r\000a\000n\000s\000m\000i\000s\000s\000i\000o\000n}{chapter.1}% 7
\BOOKMARK [1][-]{section.1.4}{\376\377\000D\000a\000s\000h\000b\000o\000a\000r\000d\000\040\000I\000m\000p\000l\000e\000m\000e\000n\000t\000a\000t\000i\000o\000n}{chapter.1}% 8
\BOOKMARK [2][-]{subsection.1.4.1}{\376\377\000D\000a\000s\000h\000b\000o\000a\000r\000d\000\040\000L\000a\000y\000o\000u\000t\000\040\000A\000r\000c\000h\000i\000t\000e\000c\000t\000u\000r\000e}{section.1.4}% 9
\BOOKMARK [2][-]{subsection.1.4.2}{\376\377\000S\000t\000a\000t\000u\000s\000\040\000I\000n\000d\000i\000c\000a\000t\000o\000r\000s\000\040\000a\000n\000d\000\040\000D\000e\000v\000i\000c\000e\000\040\000M\000e\000t\000r\000i\000c\000s}{section.1.4}% 10
\BOOKMARK [2][-]{subsection.1.4.3}{\376\377\000R\000e\000m\000o\000t\000e\000\040\000C\000o\000n\000t\000r\000o\000l\000\040\000P\000a\000n\000e\000l}{section.1.4}% 11
\BOOKMARK [2][-]{subsection.1.4.4}{\376\377\000E\000n\000v\000i\000r\000o\000n\000m\000e\000n\000t\000a\000l\000\040\000D\000a\000t\000a\000\040\000V\000i\000s\000u\000a\000l\000i\000z\000a\000t\000i\000o\000n}{section.1.4}% 12
\BOOKMARK [2][-]{subsection.1.4.5}{\376\377\000A\000l\000a\000r\000m\000\040\000M\000a\000n\000a\000g\000e\000m\000e\000n\000t\000\040\000S\000y\000s\000t\000e\000m}{section.1.4}% 13
\BOOKMARK [2][-]{subsection.1.4.6}{\376\377\000G\000e\000o\000g\000r\000a\000p\000h\000i\000c\000a\000l\000\040\000F\000l\000e\000e\000t\000\040\000T\000r\000a\000c\000k\000i\000n\000g}{section.1.4}% 14
\BOOKMARK [2][-]{subsection.1.4.7}{\376\377\000W\000i\000d\000g\000e\000t\000\040\000C\000o\000n\000f\000i\000g\000u\000r\000a\000t\000i\000o\000n\000\040\000B\000e\000s\000t\000\040\000P\000r\000a\000c\000t\000i\000c\000e\000s}{section.1.4}% 15
\BOOKMARK [1][-]{section.1.5}{\376\377\000S\000u\000m\000m\000a\000r\000y}{chapter.1}% 16
\BOOKMARK [0][-]{chapter.2}{\376\377\000T\000a\000s\000k\000\040\0001\000\040\000-\000\040\000S\000i\000n\000g\000l\000e\000\040\000L\000E\000D\000\040\000B\000l\000i\000n\000k\000\040\000w\000i\000t\000h\000\040\000T\000e\000m\000p\000e\000r\000a\000t\000u\000r\000e\000\040\000C\000o\000n\000d\000i\000t\000i\000o\000n\000s}{}% 17
\BOOKMARK [1][-]{section.2.1}{\376\377\000L\000E\000D\000\040\000B\000e\000h\000a\000v\000i\000o\000r\000\040\000S\000u\000m\000m\000a\000r\000y}{chapter.2}% 18
\BOOKMARK [1][-]{section.2.2}{\376\377\000S\000e\000m\000a\000p\000h\000o\000r\000e\000-\000B\000a\000s\000e\000d\000\040\000S\000t\000a\000t\000e\000\040\000H\000a\000n\000d\000l\000i\000n\000g}{chapter.2}% 19
\BOOKMARK [1][-]{section.2.3}{\376\377\000L\000E\000D\000\040\000T\000a\000s\000k\000\040\000L\000o\000o\000p}{chapter.2}% 20
\BOOKMARK [1][-]{section.2.4}{\376\377\000V\000i\000s\000u\000a\000l\000i\000z\000i\000n\000g\000\040\000L\000E\000D\000\040\000R\000e\000s\000p\000o\000n\000s\000e}{chapter.2}% 21
\BOOKMARK [0][-]{chapter.3}{\376\377\000T\000a\000s\000k\000\040\0002\000\040\000-\000\040\000N\000e\000o\000P\000i\000x\000e\000l\000\040\000L\000E\000D\000\040\000C\000o\000n\000t\000r\000o\000l\000\040\000B\000a\000s\000e\000d\000\040\000o\000n\000\040\000H\000u\000m\000i\000d\000i\000t\000y}{}% 22
\BOOKMARK [1][-]{section.3.1}{\376\377\000H\000u\000m\000i\000d\000i\000t\000y\000-\000t\000o\000-\000C\000o\000l\000o\000r\000\040\000M\000a\000p}{chapter.3}% 23
\BOOKMARK [1][-]{section.3.2}{\376\377\000S\000t\000a\000t\000e\000-\000B\000a\000s\000e\000d\000\040\000E\000f\000f\000e\000c\000t\000s}{chapter.3}% 24
\BOOKMARK [1][-]{section.3.3}{\376\377\000S\000e\000m\000a\000p\000h\000o\000r\000e\000\040\000M\000e\000c\000h\000a\000n\000i\000s\000m\000\040\000a\000n\000d\000\040\000P\000r\000i\000o\000r\000i\000t\000y}{chapter.3}% 25
\BOOKMARK [2][-]{subsection.3.3.1}{\376\377\000S\000i\000g\000n\000a\000l\000i\000n\000g\000\040\000M\000e\000c\000h\000a\000n\000i\000s\000m}{section.3.3}% 26
\BOOKMARK [2][-]{subsection.3.3.2}{\376\377\000P\000r\000i\000o\000r\000i\000t\000y\000\040\000H\000i\000e\000r\000a\000r\000c\000h\000y}{section.3.3}% 27
\BOOKMARK [1][-]{section.3.4}{\376\377\000N\000e\000o\000P\000i\000x\000e\000l\000\040\000T\000a\000s\000k\000\040\000L\000o\000o\000p}{chapter.3}% 28
\BOOKMARK [1][-]{section.3.5}{\376\377\000N\000e\000o\000P\000i\000x\000e\000l\000\040\000C\000o\000l\000o\000r\000\040\000M\000a\000p\000p\000i\000n\000g}{chapter.3}% 29
\BOOKMARK [0][-]{chapter.4}{\376\377\000T\000a\000s\000k\000\040\0003\000\040\000-\000\040\000T\000e\000m\000p\000e\000r\000a\000t\000u\000r\000e\000\040\000a\000n\000d\000\040\000H\000u\000m\000i\000d\000i\000t\000y\000\040\000M\000o\000n\000i\000t\000o\000r\000i\000n\000g\000\040\000w\000i\000t\000h\000\040\000L\000C\000D\000\040\000D\000i\000s\000p\000l\000a\000y}{}% 30
\BOOKMARK [1][-]{section.4.1}{\376\377\000O\000L\000E\000D\000\040\000L\000a\000y\000o\000u\000t\000\040\000M\000o\000d\000e\000s}{chapter.4}% 31
\BOOKMARK [2][-]{subsection.4.1.1}{\376\377\000N\000o\000r\000m\000a\000l\000\040\000S\000t\000a\000t\000e}{section.4.1}% 32
\BOOKMARK [2][-]{subsection.4.1.2}{\376\377\000W\000a\000r\000n\000i\000n\000g\000\040\000S\000t\000a\000t\000e}{section.4.1}% 33
\BOOKMARK [2][-]{subsection.4.1.3}{\376\377\000C\000r\000i\000t\000i\000c\000a\000l\000\040\000S\000t\000a\000t\000e}{section.4.1}% 34
\BOOKMARK [2][-]{subsection.4.1.4}{\376\377\000F\000i\000r\000e\000\040\000A\000l\000e\000r\000t\000\040\000S\000t\000a\000t\000e}{section.4.1}% 35
\BOOKMARK [1][-]{section.4.2}{\376\377\000S\000t\000a\000t\000e\000\040\000S\000e\000l\000e\000c\000t\000i\000o\000n\000\040\000F\000l\000o\000w}{chapter.4}% 36
\BOOKMARK [1][-]{section.4.3}{\376\377\000Q\000u\000e\000u\000e\000\040\000a\000n\000d\000\040\000S\000e\000m\000a\000p\000h\000o\000r\000e\000\040\000D\000a\000t\000a\000\040\000F\000l\000o\000w}{chapter.4}% 37
\BOOKMARK [0][-]{chapter.5}{\376\377\000W\000e\000b\000\040\000S\000e\000r\000v\000e\000r\000\040\000I\000n\000t\000e\000r\000f\000a\000c\000e\000\040\000a\000n\000d\000\040\000C\000l\000o\000u\000d\000\040\000I\000n\000t\000e\000g\000r\000a\000t\000i\000o\000n}{}% 38
\BOOKMARK [1][-]{section.5.1}{\376\377\000E\000m\000b\000e\000d\000d\000e\000d\000\040\000W\000e\000b\000\040\000S\000e\000r\000v\000e\000r\000\040\000D\000e\000s\000i\000g\000n}{chapter.5}% 39
\BOOKMARK [2][-]{subsection.5.1.1}{\376\377\000A\000c\000c\000e\000s\000s\000\040\000P\000o\000i\000n\000t\000\040\000C\000o\000n\000f\000i\000g\000u\000r\000a\000t\000i\000o\000n}{section.5.1}% 40
\BOOKMARK [2][-]{subsection.5.1.2}{\376\377\000U\000s\000e\000r\000\040\000I\000n\000t\000e\000r\000f\000a\000c\000e\000\040\000I\000m\000p\000l\000e\000m\000e\000n\000t\000a\000t\000i\000o\000n}{section.5.1}% 41
\BOOKMARK [2][-]{subsection.5.1.3}{\376\377\000W\000e\000b\000\040\000C\000o\000m\000m\000u\000n\000i\000c\000a\000t\000i\000o\000n\000\040\000P\000r\000o\000t\000o\000c\000o\000l\000s}{section.5.1}% 42
\BOOKMARK [2][-]{subsection.5.1.4}{\376\377\000W\000e\000b\000S\000o\000c\000k\000e\000t\000\040\000C\000o\000m\000m\000u\000n\000i\000c\000a\000t\000i\000o\000n}{section.5.1}% 43
\BOOKMARK [1][-]{section.5.2}{\376\377\000C\000l\000o\000u\000d\000\040\000I\000n\000t\000e\000g\000r\000a\000t\000i\000o\000n\000\040\000a\000n\000d\000\040\000D\000a\000t\000a\000\040\000P\000u\000b\000l\000i\000s\000h\000i\000n\000g}{chapter.5}% 44
\BOOKMARK [2][-]{subsection.5.2.1}{\376\377\000S\000t\000a\000t\000i\000o\000n\000\040\000M\000o\000d\000e\000\040\000C\000o\000n\000n\000e\000c\000t\000i\000v\000i\000t\000y}{section.5.2}% 45
\BOOKMARK [2][-]{subsection.5.2.2}{\376\377\000D\000a\000t\000a\000\040\000P\000u\000b\000l\000i\000s\000h\000i\000n\000g\000\040\000t\000o\000\040\000C\000o\000r\000e\000I\000O\000T}{section.5.2}% 46
\BOOKMARK [2][-]{subsection.5.2.3}{\376\377\000I\000n\000t\000e\000g\000r\000a\000t\000i\000o\000n\000\040\000I\000m\000p\000r\000o\000v\000e\000m\000e\000n\000t\000s}{section.5.2}% 47
\BOOKMARK [1][-]{section.5.3}{\376\377\000D\000a\000t\000a\000\040\000L\000o\000g\000g\000i\000n\000g\000\040\000a\000n\000d\000\040\000C\000S\000V\000\040\000E\000x\000p\000o\000r\000t}{chapter.5}% 48
\BOOKMARK [2][-]{subsection.5.3.1}{\376\377\000C\000S\000V\000\040\000F\000i\000l\000e\000\040\000S\000t\000r\000u\000c\000t\000u\000r\000e}{section.5.3}% 49
\BOOKMARK [2][-]{subsection.5.3.2}{\376\377\000S\000y\000s\000t\000e\000m\000\040\000S\000t\000a\000t\000e\000\040\000C\000l\000a\000s\000s\000i\000f\000i\000c\000a\000t\000i\000o\000n}{section.5.3}% 50
\BOOKMARK [0][-]{chapter.6}{\376\377\000C\000h\000a\000p\000t\000e\000r\000\040\0006}{}% 51
\BOOKMARK [1][-]{section.6.1}{\376\377\000S\000e\000c\000t\000i\000o\000n\000\040\0001}{chapter.6}% 52
\BOOKMARK [1][-]{section.6.2}{\376\377\000S\000e\000c\000t\000i\000o\000n\000\040\0002}{chapter.6}% 53
\BOOKMARK [1][-]{section.6.3}{\376\377\000S\000u\000m\000m\000a\000r\000y}{chapter.6}% 54
\BOOKMARK [0][-]{chapter.7}{\376\377\000T\000a\000s\000k\000\040\0006\000\040\000-\000\040\000D\000a\000t\000a\000\040\000P\000u\000b\000l\000i\000s\000h\000i\000n\000g\000\040\000t\000o\000\040\000C\000o\000r\000e\000I\000O\000T\000\040\000C\000l\000o\000u\000d\000\040\000S\000e\000r\000v\000e\000r}{}% 55
\BOOKMARK [1][-]{section.7.1}{\376\377\000C\000r\000e\000a\000t\000e\000\040\000C\000o\000r\000e\000\040\000I\000O\000T\000\040\000A\000c\000c\000o\000u\000n\000t}{chapter.7}% 56
\BOOKMARK [2][-]{subsection.7.1.1}{\376\377\000R\000e\000g\000i\000s\000t\000r\000a\000t\000i\000o\000n\000\040\000P\000r\000o\000c\000e\000s\000s}{section.7.1}% 57
\BOOKMARK [1][-]{section.7.2}{\376\377\000A\000c\000c\000e\000s\000s\000i\000n\000g\000\040\000C\000o\000r\000e\000I\000O\000T\000\040\000v\000i\000a\000\040\000W\000e\000b\000\040\000S\000e\000r\000v\000e\000r}{chapter.7}% 58
\BOOKMARK [2][-]{subsection.7.2.1}{\376\377\000D\000e\000v\000i\000c\000e\000\040\000P\000r\000o\000v\000i\000s\000i\000o\000n\000i\000n\000g}{section.7.2}% 59
\BOOKMARK [1][-]{section.7.3}{\376\377\000T\000e\000l\000e\000m\000e\000t\000r\000y\000\040\000D\000a\000t\000a\000\040\000T\000r\000a\000n\000s\000m\000i\000s\000s\000i\000o\000n}{chapter.7}% 60
\BOOKMARK [1][-]{section.7.4}{\376\377\000D\000a\000s\000h\000b\000o\000a\000r\000d\000\040\000I\000m\000p\000l\000e\000m\000e\000n\000t\000a\000t\000i\000o\000n}{chapter.7}% 61
\BOOKMARK [2][-]{subsection.7.4.1}{\376\377\000D\000a\000s\000h\000b\000o\000a\000r\000d\000\040\000L\000a\000y\000o\000u\000t\000\040\000A\000r\000c\000h\000i\000t\000e\000c\000t\000u\000r\000e}{section.7.4}% 62
\BOOKMARK [2][-]{subsection.7.4.2}{\376\377\000S\000t\000a\000t\000u\000s\000\040\000I\000n\000d\000i\000c\000a\000t\000o\000r\000s\000\040\000a\000n\000d\000\040\000D\000e\000v\000i\000c\000e\000\040\000M\000e\000t\000r\000i\000c\000s}{section.7.4}% 63
\BOOKMARK [2][-]{subsection.7.4.3}{\376\377\000R\000e\000m\000o\000t\000e\000\040\000C\000o\000n\000t\000r\000o\000l\000\040\000P\000a\000n\000e\000l}{section.7.4}% 64
\BOOKMARK [2][-]{subsection.7.4.4}{\376\377\000E\000n\000v\000i\000r\000o\000n\000m\000e\000n\000t\000a\000l\000\040\000D\000a\000t\000a\000\040\000V\000i\000s\000u\000a\000l\000i\000z\000a\000t\000i\000o\000n}{section.7.4}% 65
\BOOKMARK [2][-]{subsection.7.4.5}{\376\377\000A\000l\000a\000r\000m\000\040\000M\000a\000n\000a\000g\000e\000m\000e\000n\000t\000\040\000S\000y\000s\000t\000e\000m}{section.7.4}% 66
\BOOKMARK [2][-]{subsection.7.4.6}{\376\377\000W\000i\000d\000g\000e\000t\000\040\000C\000o\000n\000f\000i\000g\000u\000r\000a\000t\000i\000o\000n}{section.7.4}% 67
\BOOKMARK [1][-]{section.7.5}{\376\377\000S\000u\000m\000m\000a\000r\000y}{chapter.7}% 68
\BOOKMARK [0][-]{chapter.8}{\376\377\000C\000h\000a\000p\000t\000e\000r\000\040\0008}{}% 69
\BOOKMARK [1][-]{section.8.1}{\376\377\000S\000e\000c\000t\000i\000o\000n\000\040\0001}{chapter.8}% 70
\BOOKMARK [1][-]{section.8.2}{\376\377\000S\000e\000c\000t\000i\000o\000n\000\040\0002}{chapter.8}% 71
\BOOKMARK [1][-]{section.8.3}{\376\377\000S\000u\000m\000m\000a\000r\000y}{chapter.8}% 72
\BOOKMARK [0][-]{chapter.9}{\376\377\000C\000h\000a\000p\000t\000e\000r\000\040\0009}{}% 73
\BOOKMARK [1][-]{section.9.1}{\376\377\000S\000e\000c\000t\000i\000o\000n\000\040\0001}{chapter.9}% 74
\BOOKMARK [1][-]{section.9.2}{\376\377\000S\000e\000c\000t\000i\000o\000n\000\040\0002}{chapter.9}% 75
\BOOKMARK [1][-]{section.9.3}{\376\377\000S\000u\000m\000m\000a\000r\000y}{chapter.9}% 76
\BOOKMARK [0][-]{chapter*.29}{\376\377\000C\000o\000n\000c\000l\000u\000s\000i\000o\000n}{}% 77
